INFO:     Started server process [1816]
INFO:     Waiting for application startup.
INFO:     Application startup complete.
INFO:     Uvicorn running on http://127.0.0.1:8000 (Press CTRL+C to quit)
ERROR:    Exception in ASGI application
Traceback (most recent call last):
  File "C:\Users\lenovo\Desktop\Pranali More\Labmentix internship\Projects\Docu-Sign (Project 1)\backend\.venv\Lib\site-packages\uvicorn\protocols\http\httptools_impl.py", line 421, in run_asgi
    result = await app(  # type: ignore[func-returns-value]
             ^^^^^^^^^^^^^^^^^^^^^^^^^^^^^^^^^^^^^^^^^^^^^^
        self.scope, self.receive, self.send
        ^^^^^^^^^^^^^^^^^^^^^^^^^^^^^^^^^^^
    )
    ^
  File "C:\Users\lenovo\Desktop\Pranali More\Labmentix internship\Projects\Docu-Sign (Project 1)\backend\.venv\Lib\site-packages\uvicorn\middleware\proxy_headers.py", line 62, in __call__
    return await self.app(scope, receive, send)
           ^^^^^^^^^^^^^^^^^^^^^^^^^^^^^^^^^^^^
  File "C:\Users\lenovo\Desktop\Pranali More\Labmentix internship\Projects\Docu-Sign (Project 1)\backend\.venv\Lib\site-packages\fastapi\applications.py", line 1159, in __call__
    await super().__call__(scope, receive, send)
  File "C:\Users\lenovo\Desktop\Pranali More\Labmentix internship\Projects\Docu-Sign (Project 1)\backend\.venv\Lib\site-packages\starlette\applications.py", line 90, in __call__
    await self.middleware_stack(scope, receive, send)
  File "C:\Users\lenovo\Desktop\Pranali More\Labmentix internship\Projects\Docu-Sign (Project 1)\backend\.venv\Lib\site-packages\starlette\middleware\errors.py", line 186, in __call__
    raise exc
  File "C:\Users\lenovo\Desktop\Pranali More\Labmentix internship\Projects\Docu-Sign (Project 1)\backend\.venv\Lib\site-packages\starlette\middleware\errors.py", line 164, in __call__
    await self.app(scope, receive, _send)
  File "C:\Users\lenovo\Desktop\Pranali More\Labmentix internship\Projects\Docu-Sign (Project 1)\backend\.venv\Lib\site-packages\starlette\middleware\base.py", line 191, in __call__
    with recv_stream, send_stream, collapse_excgroups():
                                   ~~~~~~~~~~~~~~~~~~^^
  File "C:\Python314\Lib\contextlib.py", line 162, in __exit__
    self.gen.throw(value)
    ~~~~~~~~~~~~~~^^^^^^^
  File "C:\Users\lenovo\Desktop\Pranali More\Labmentix internship\Projects\Docu-Sign (Project 1)\backend\.venv\Lib\site-packages\starlette\_utils.py", line 87, in collapse_excgroups
    raise exc
  File "C:\Users\lenovo\Desktop\Pranali More\Labmentix internship\Projects\Docu-Sign (Project 1)\backend\.venv\Lib\site-packages\starlette\middleware\base.py", line 193, in __call__
    response = await self.dispatch_func(request, call_next)
               ^^^^^^^^^^^^^^^^^^^^^^^^^^^^^^^^^^^^^^^^^^^^
  File "C:\Users\lenovo\Desktop\Pranali More\Labmentix internship\Projects\Docu-Sign (Project 1)\backend\app\core\middleware\request_id.py", line 20, in dispatch
    response = await call_next(request)
               ^^^^^^^^^^^^^^^^^^^^^^^^
  File "C:\Users\lenovo\Desktop\Pranali More\Labmentix internship\Projects\Docu-Sign (Project 1)\backend\.venv\Lib\site-packages\starlette\middleware\base.py", line 168, in call_next
    raise app_exc from app_exc.__cause__ or app_exc.__context__
  File "C:\Users\lenovo\Desktop\Pranali More\Labmentix internship\Projects\Docu-Sign (Project 1)\backend\.venv\Lib\site-packages\starlette\middleware\base.py", line 144, in coro
    await self.app(scope, receive_or_disconnect, send_no_error)
  File "C:\Users\lenovo\Desktop\Pranali More\Labmentix internship\Projects\Docu-Sign (Project 1)\backend\.venv\Lib\site-packages\starlette\middleware\exceptions.py", line 63, in __call__
    await wrap_app_handling_exceptions(self.app, conn)(scope, receive, send)
  File "C:\Users\lenovo\Desktop\Pranali More\Labmentix internship\Projects\Docu-Sign (Project 1)\backend\.venv\Lib\site-packages\starlette\_exception_handler.py", line 53, in wrapped_app
    raise exc
  File "C:\Users\lenovo\Desktop\Pranali More\Labmentix internship\Projects\Docu-Sign (Project 1)\backend\.venv\Lib\site-packages\starlette\_exception_handler.py", line 42, in wrapped_app
    await app(scope, receive, sender)
  File "C:\Users\lenovo\Desktop\Pranali More\Labmentix internship\Projects\Docu-Sign (Project 1)\backend\.venv\Lib\site-packages\fastapi\middleware\asyncexitstack.py", line 18, in __call__
    await self.app(scope, receive, send)
  File "C:\Users\lenovo\Desktop\Pranali More\Labmentix internship\Projects\Docu-Sign (Project 1)\backend\.venv\Lib\site-packages\starlette\routing.py", line 660, in __call__
    await self.middleware_stack(scope, receive, send)
  File "C:\Users\lenovo\Desktop\Pranali More\Labmentix internship\Projects\Docu-Sign (Project 1)\backend\.venv\Lib\site-packages\starlette\routing.py", line 680, in app
    await route.handle(scope, receive, send)
  File "C:\Users\lenovo\Desktop\Pranali More\Labmentix internship\Projects\Docu-Sign (Project 1)\backend\.venv\Lib\site-packages\starlette\routing.py", line 276, in handle
    await self.app(scope, receive, send)
  File "C:\Users\lenovo\Desktop\Pranali More\Labmentix internship\Projects\Docu-Sign (Project 1)\backend\.venv\Lib\site-packages\fastapi\routing.py", line 134, in app
    await wrap_app_handling_exceptions(app, request)(scope, receive, send)
  File "C:\Users\lenovo\Desktop\Pranali More\Labmentix internship\Projects\Docu-Sign (Project 1)\backend\.venv\Lib\site-packages\starlette\_exception_handler.py", line 53, in wrapped_app
    raise exc
  File "C:\Users\lenovo\Desktop\Pranali More\Labmentix internship\Projects\Docu-Sign (Project 1)\backend\.venv\Lib\site-packages\starlette\_exception_handler.py", line 42, in wrapped_app
    await app(scope, receive, sender)
  File "C:\Users\lenovo\Desktop\Pranali More\Labmentix internship\Projects\Docu-Sign (Project 1)\backend\.venv\Lib\site-packages\fastapi\routing.py", line 120, in app
    response = await f(request)
               ^^^^^^^^^^^^^^^^
  File "C:\Users\lenovo\Desktop\Pranali More\Labmentix internship\Projects\Docu-Sign (Project 1)\backend\.venv\Lib\site-packages\fastapi\routing.py", line 674, in app
    raw_response = await run_endpoint_function(
                   ^^^^^^^^^^^^^^^^^^^^^^^^^^^^
    ...<3 lines>...
    )
    ^
  File "C:\Users\lenovo\Desktop\Pranali More\Labmentix internship\Projects\Docu-Sign (Project 1)\backend\.venv\Lib\site-packages\fastapi\routing.py", line 328, in run_endpoint_function
    return await dependant.call(**values)
           ^^^^^^^^^^^^^^^^^^^^^^^^^^^^^^
  File "C:\Users\lenovo\Desktop\Pranali More\Labmentix internship\Projects\Docu-Sign (Project 1)\backend\app\modules\documents\router.py", line 152, in list_documents
    return await service.list_documents(current_user.id, skip, limit)
                 ^^^^^^^^^^^^^^^^^^^^^^
AttributeError: 'DocumentService' object has no attribute 'list_documents'. Did you mean: 'get_document'?
