2026-06-13 16:17:08,081 - app - INFO - [N/A] - Application starting up...
2026-06-13 16:17:08,085 - apscheduler.scheduler - INFO - [N/A] - Adding job tentatively -- it will be properly scheduled when the scheduler starts
2026-06-13 16:17:08,091 - apscheduler.scheduler - INFO - [N/A] - Adding job tentatively -- it will be properly scheduled when the scheduler starts
2026-06-13 16:17:08,092 - apscheduler.scheduler - INFO - [N/A] - Adding job tentatively -- it will be properly scheduled when the scheduler starts
2026-06-13 16:17:08,093 - apscheduler.scheduler - INFO - [N/A] - Added job "expire_documents_job" to job store "default"
2026-06-13 16:17:08,094 - apscheduler.scheduler - INFO - [N/A] - Added job "send_signer_reminders_job" to job store "default"
2026-06-13 16:17:08,094 - apscheduler.scheduler - INFO - [N/A] - Added job "cleanup_tokens_job" to job store "default"
2026-06-13 16:17:08,095 - apscheduler.scheduler - INFO - [N/A] - Scheduler started
2026-06-13 16:17:08,095 - app.jobs.scheduler - INFO - [N/A] - APScheduler started successfully.
2026-06-13 16:17:15,800 - app - INFO - [3a7bc96a-f0e0-4919-a43b-c8bf521593b9] - Incoming request: GET /health
2026-06-13 16:17:15,833 - app - INFO - [3a7bc96a-f0e0-4919-a43b-c8bf521593b9] - Completed request: GET /health - Status: 200 - Duration: 32.38ms
2026-06-13 16:18:38,171 - app - INFO - [48d7f066-9c99-4672-9058-cbe68ca90c63] - Incoming request: POST /api/v1/auth/login
2026-06-13 16:18:38,394 INFO sqlalchemy.engine.Engine select pg_catalog.version()
2026-06-13 16:18:38,394 - sqlalchemy.engine.Engine - INFO - [N/A] - select pg_catalog.version()
2026-06-13 16:18:38,426 INFO sqlalchemy.engine.Engine [raw sql] ()
2026-06-13 16:18:38,426 - sqlalchemy.engine.Engine - INFO - [N/A] - [raw sql] ()
2026-06-13 16:18:38,437 INFO sqlalchemy.engine.Engine select current_schema()
2026-06-13 16:18:38,437 - sqlalchemy.engine.Engine - INFO - [N/A] - select current_schema()
2026-06-13 16:18:38,440 INFO sqlalchemy.engine.Engine [raw sql] ()
2026-06-13 16:18:38,440 - sqlalchemy.engine.Engine - INFO - [N/A] - [raw sql] ()
2026-06-13 16:18:38,452 INFO sqlalchemy.engine.Engine show standard_conforming_strings
2026-06-13 16:18:38,452 - sqlalchemy.engine.Engine - INFO - [N/A] - show standard_conforming_strings
2026-06-13 16:18:38,454 INFO sqlalchemy.engine.Engine [raw sql] ()
2026-06-13 16:18:38,454 - sqlalchemy.engine.Engine - INFO - [N/A] - [raw sql] ()
2026-06-13 16:18:38,461 INFO sqlalchemy.engine.Engine BEGIN (implicit)
2026-06-13 16:18:38,461 - sqlalchemy.engine.Engine - INFO - [N/A] - BEGIN (implicit)
2026-06-13 16:18:38,595 INFO sqlalchemy.engine.Engine SELECT users.email, users.hashed_password, users.first_name, users.last_name, users.role, users.is_active, users.is_verified, users.id, users.created_at, users.updated_at, users.deleted_at 
FROM users 
WHERE users.email = $1::VARCHAR
2026-06-13 16:18:38,595 - sqlalchemy.engine.Engine - INFO - [N/A] - SELECT users.email, users.hashed_password, users.first_name, users.last_name, users.role, users.is_active, users.is_verified, users.id, users.created_at, users.updated_at, users.deleted_at 
FROM users 
WHERE users.email = $1::VARCHAR
2026-06-13 16:18:38,615 INFO sqlalchemy.engine.Engine [generated in 0.02009s] ('pranali@demo.com',)
2026-06-13 16:18:38,615 - sqlalchemy.engine.Engine - INFO - [N/A] - [generated in 0.02009s] ('pranali@demo.com',)
2026-06-13 16:18:38,944 INFO sqlalchemy.engine.Engine INSERT INTO refresh_tokens (user_id, token_hash, expires_at, revoked_at, id, created_at, updated_at) VALUES ($1::UUID, $2::VARCHAR, $3::TIMESTAMP WITH TIME ZONE, $4::TIMESTAMP WITH TIME ZONE, $5::UUID, $6::TIMESTAMP WITH TIME ZONE, $7::TIMESTAMP WITH TIME ZONE)
2026-06-13 16:18:38,944 - sqlalchemy.engine.Engine - INFO - [N/A] - INSERT INTO refresh_tokens (user_id, token_hash, expires_at, revoked_at, id, created_at, updated_at) VALUES ($1::UUID, $2::VARCHAR, $3::TIMESTAMP WITH TIME ZONE, $4::TIMESTAMP WITH TIME ZONE, $5::UUID, $6::TIMESTAMP WITH TIME ZONE, $7::TIMESTAMP WITH TIME ZONE)
2026-06-13 16:18:38,945 INFO sqlalchemy.engine.Engine [generated in 0.00111s] (UUID('e5a4098a-bab3-434c-b7d7-f47468b7781e'), 'f6a9da989051e55ceb96a31c527bb8ff810dcd170e714b4d5cd6384b573ca05e', datetime.datetime(2026, 6, 20, 10, 48, 38, 940955, tzinfo=datetime.timezone.utc), None, UUID('8cdf0c06-613c-4ac1-8c77-60125cd446b3'), datetime.datetime(2026, 6, 13, 10, 48, 38, 944564, tzinfo=datetime.timezone.utc), datetime.datetime(2026, 6, 13, 10, 48, 38, 944569, tzinfo=datetime.timezone.utc))
2026-06-13 16:18:38,945 - sqlalchemy.engine.Engine - INFO - [N/A] - [generated in 0.00111s] (UUID('e5a4098a-bab3-434c-b7d7-f47468b7781e'), 'f6a9da989051e55ceb96a31c527bb8ff810dcd170e714b4d5cd6384b573ca05e', datetime.datetime(2026, 6, 20, 10, 48, 38, 940955, tzinfo=datetime.timezone.utc), None, UUID('8cdf0c06-613c-4ac1-8c77-60125cd446b3'), datetime.datetime(2026, 6, 13, 10, 48, 38, 944564, tzinfo=datetime.timezone.utc), datetime.datetime(2026, 6, 13, 10, 48, 38, 944569, tzinfo=datetime.timezone.utc))
2026-06-13 16:18:38,950 - app - INFO - [N/A] - User login successful: pranali@demo.com
2026-06-13 16:18:38,954 INFO sqlalchemy.engine.Engine INSERT INTO audit_logs (document_id, user_id, actor_type, event_type, event_data, id, created_at, updated_at) VALUES ($1::UUID, $2::UUID, $3::auditactortype, $4::auditeventtype, $5::JSONB, $6::UUID, $7::TIMESTAMP WITH TIME ZONE, $8::TIMESTAMP WITH TIME ZONE)
2026-06-13 16:18:38,954 - sqlalchemy.engine.Engine - INFO - [N/A] - INSERT INTO audit_logs (document_id, user_id, actor_type, event_type, event_data, id, created_at, updated_at) VALUES ($1::UUID, $2::UUID, $3::auditactortype, $4::auditeventtype, $5::JSONB, $6::UUID, $7::TIMESTAMP WITH TIME ZONE, $8::TIMESTAMP WITH TIME ZONE)
2026-06-13 16:18:38,959 INFO sqlalchemy.engine.Engine [generated in 0.00551s] (None, UUID('e5a4098a-bab3-434c-b7d7-f47468b7781e'), 'USER', 'USER_LOGIN', '{"email": "pranali@demo.com"}', UUID('101d3b9b-17e0-414e-8453-63d9714265b5'), datetime.datetime(2026, 6, 13, 10, 48, 38, 953900, tzinfo=datetime.timezone.utc), datetime.datetime(2026, 6, 13, 10, 48, 38, 953905, tzinfo=datetime.timezone.utc))
2026-06-13 16:18:38,959 - sqlalchemy.engine.Engine - INFO - [N/A] - [generated in 0.00551s] (None, UUID('e5a4098a-bab3-434c-b7d7-f47468b7781e'), 'USER', 'USER_LOGIN', '{"email": "pranali@demo.com"}', UUID('101d3b9b-17e0-414e-8453-63d9714265b5'), datetime.datetime(2026, 6, 13, 10, 48, 38, 953900, tzinfo=datetime.timezone.utc), datetime.datetime(2026, 6, 13, 10, 48, 38, 953905, tzinfo=datetime.timezone.utc))
2026-06-13 16:18:38,969 INFO sqlalchemy.engine.Engine COMMIT
2026-06-13 16:18:38,969 - sqlalchemy.engine.Engine - INFO - [N/A] - COMMIT
2026-06-13 16:18:38,972 - app - INFO - [48d7f066-9c99-4672-9058-cbe68ca90c63] - Completed request: POST /api/v1/auth/login - Status: 200 - Duration: 801.09ms
2026-06-13 16:19:17,831 - app - INFO - [02c7c4a8-bd11-4a38-876b-ca7a210a946c] - Incoming request: POST /api/v1/auth/login
2026-06-13 16:19:17,840 INFO sqlalchemy.engine.Engine BEGIN (implicit)
2026-06-13 16:19:17,840 - sqlalchemy.engine.Engine - INFO - [N/A] - BEGIN (implicit)
2026-06-13 16:19:17,842 INFO sqlalchemy.engine.Engine SELECT users.email, users.hashed_password, users.first_name, users.last_name, users.role, users.is_active, users.is_verified, users.id, users.created_at, users.updated_at, users.deleted_at 
FROM users 
WHERE users.email = $1::VARCHAR
2026-06-13 16:19:17,842 - sqlalchemy.engine.Engine - INFO - [N/A] - SELECT users.email, users.hashed_password, users.first_name, users.last_name, users.role, users.is_active, users.is_verified, users.id, users.created_at, users.updated_at, users.deleted_at 
FROM users 
WHERE users.email = $1::VARCHAR
2026-06-13 16:19:17,844 INFO sqlalchemy.engine.Engine [cached since 39.25s ago] ('pranali@demo.com',)
2026-06-13 16:19:17,844 - sqlalchemy.engine.Engine - INFO - [N/A] - [cached since 39.25s ago] ('pranali@demo.com',)
2026-06-13 16:19:18,608 INFO sqlalchemy.engine.Engine INSERT INTO refresh_tokens (user_id, token_hash, expires_at, revoked_at, id, created_at, updated_at) VALUES ($1::UUID, $2::VARCHAR, $3::TIMESTAMP WITH TIME ZONE, $4::TIMESTAMP WITH TIME ZONE, $5::UUID, $6::TIMESTAMP WITH TIME ZONE, $7::TIMESTAMP WITH TIME ZONE)
2026-06-13 16:19:18,608 - sqlalchemy.engine.Engine - INFO - [N/A] - INSERT INTO refresh_tokens (user_id, token_hash, expires_at, revoked_at, id, created_at, updated_at) VALUES ($1::UUID, $2::VARCHAR, $3::TIMESTAMP WITH TIME ZONE, $4::TIMESTAMP WITH TIME ZONE, $5::UUID, $6::TIMESTAMP WITH TIME ZONE, $7::TIMESTAMP WITH TIME ZONE)
2026-06-13 16:19:18,610 INFO sqlalchemy.engine.Engine [cached since 39.67s ago] (UUID('e5a4098a-bab3-434c-b7d7-f47468b7781e'), '09e5076b3e45d1e8a54c2000cce31db31269fbbbf045abae39997983b1c46020', datetime.datetime(2026, 6, 20, 10, 49, 18, 607370, tzinfo=datetime.timezone.utc), None, UUID('8aae9d76-4830-498e-810c-b37808546526'), datetime.datetime(2026, 6, 13, 10, 49, 18, 608750, tzinfo=datetime.timezone.utc), datetime.datetime(2026, 6, 13, 10, 49, 18, 608757, tzinfo=datetime.timezone.utc))
2026-06-13 16:19:18,610 - sqlalchemy.engine.Engine - INFO - [N/A] - [cached since 39.67s ago] (UUID('e5a4098a-bab3-434c-b7d7-f47468b7781e'), '09e5076b3e45d1e8a54c2000cce31db31269fbbbf045abae39997983b1c46020', datetime.datetime(2026, 6, 20, 10, 49, 18, 607370, tzinfo=datetime.timezone.utc), None, UUID('8aae9d76-4830-498e-810c-b37808546526'), datetime.datetime(2026, 6, 13, 10, 49, 18, 608750, tzinfo=datetime.timezone.utc), datetime.datetime(2026, 6, 13, 10, 49, 18, 608757, tzinfo=datetime.timezone.utc))
2026-06-13 16:19:18,616 - app - INFO - [N/A] - User login successful: pranali@demo.com
2026-06-13 16:19:18,618 INFO sqlalchemy.engine.Engine INSERT INTO audit_logs (document_id, user_id, actor_type, event_type, event_data, id, created_at, updated_at) VALUES ($1::UUID, $2::UUID, $3::auditactortype, $4::auditeventtype, $5::JSONB, $6::UUID, $7::TIMESTAMP WITH TIME ZONE, $8::TIMESTAMP WITH TIME ZONE)
2026-06-13 16:19:18,618 - sqlalchemy.engine.Engine - INFO - [N/A] - INSERT INTO audit_logs (document_id, user_id, actor_type, event_type, event_data, id, created_at, updated_at) VALUES ($1::UUID, $2::UUID, $3::auditactortype, $4::auditeventtype, $5::JSONB, $6::UUID, $7::TIMESTAMP WITH TIME ZONE, $8::TIMESTAMP WITH TIME ZONE)
2026-06-13 16:19:18,620 INFO sqlalchemy.engine.Engine [cached since 39.67s ago] (None, UUID('e5a4098a-bab3-434c-b7d7-f47468b7781e'), 'USER', 'USER_LOGIN', '{"email": "pranali@demo.com"}', UUID('a5ce131b-0964-4f25-9f1d-180d15068bb2'), datetime.datetime(2026, 6, 13, 10, 49, 18, 618089, tzinfo=datetime.timezone.utc), datetime.datetime(2026, 6, 13, 10, 49, 18, 618099, tzinfo=datetime.timezone.utc))
2026-06-13 16:19:18,620 - sqlalchemy.engine.Engine - INFO - [N/A] - [cached since 39.67s ago] (None, UUID('e5a4098a-bab3-434c-b7d7-f47468b7781e'), 'USER', 'USER_LOGIN', '{"email": "pranali@demo.com"}', UUID('a5ce131b-0964-4f25-9f1d-180d15068bb2'), datetime.datetime(2026, 6, 13, 10, 49, 18, 618089, tzinfo=datetime.timezone.utc), datetime.datetime(2026, 6, 13, 10, 49, 18, 618099, tzinfo=datetime.timezone.utc))
2026-06-13 16:19:18,624 INFO sqlalchemy.engine.Engine COMMIT
2026-06-13 16:19:18,624 - sqlalchemy.engine.Engine - INFO - [N/A] - COMMIT
2026-06-13 16:19:18,628 - app - INFO - [02c7c4a8-bd11-4a38-876b-ca7a210a946c] - Completed request: POST /api/v1/auth/login - Status: 200 - Duration: 797.40ms
2026-06-13 16:19:18,654 - app - INFO - [b46857a9-7bae-41e9-9921-eb3c2cb81c0b] - Incoming request: GET /api/v1/documents
2026-06-13 16:19:18,663 INFO sqlalchemy.engine.Engine BEGIN (implicit)
2026-06-13 16:19:18,663 - sqlalchemy.engine.Engine - INFO - [N/A] - BEGIN (implicit)
2026-06-13 16:19:18,669 INFO sqlalchemy.engine.Engine SELECT users.email, users.hashed_password, users.first_name, users.last_name, users.role, users.is_active, users.is_verified, users.id, users.created_at, users.updated_at, users.deleted_at 
FROM users 
WHERE users.id = $1::UUID
2026-06-13 16:19:18,669 - sqlalchemy.engine.Engine - INFO - [N/A] - SELECT users.email, users.hashed_password, users.first_name, users.last_name, users.role, users.is_active, users.is_verified, users.id, users.created_at, users.updated_at, users.deleted_at 
FROM users 
WHERE users.id = $1::UUID
2026-06-13 16:19:18,671 INFO sqlalchemy.engine.Engine [generated in 0.00268s] (UUID('e5a4098a-bab3-434c-b7d7-f47468b7781e'),)
2026-06-13 16:19:18,671 - sqlalchemy.engine.Engine - INFO - [N/A] - [generated in 0.00268s] (UUID('e5a4098a-bab3-434c-b7d7-f47468b7781e'),)
2026-06-13 16:19:18,679 INFO sqlalchemy.engine.Engine ROLLBACK
2026-06-13 16:19:18,679 - sqlalchemy.engine.Engine - INFO - [N/A] - ROLLBACK
